22:44:28 **** Incremental Build of configuration Debug for project exo-esqueleto ****
make -j8 all 
arm-none-eabi-gcc "../Core/Src/gpio.c" -mcpu=cortex-m3 -std=gnu11 -g3 -DDEBUG -DUSE_HAL_DRIVER -DSTM32F103xB -c -I../Core/Inc -I../Drivers/STM32F1xx_HAL_Driver/Inc/Legacy -I../Drivers/STM32F1xx_HAL_Driver/Inc -I../Drivers/CMSIS/Device/ST/STM32F1xx/Include -I../Drivers/CMSIS/Include -O0 -ffunction-sections -fdata-sections -Wall -fstack-usage -fcyclomatic-complexity -MMD -MP -MF"Core/Src/gpio.d" -MT"Core/Src/gpio.o" --specs=nano.specs -mfloat-abi=soft -mthumb -o "Core/Src/gpio.o"
arm-none-eabi-gcc -o "exo-esqueleto.elf" @"objects.list"   -mcpu=cortex-m3 -T"C:\Users\luisrlp\Desktop\modular\exoesqueleto-mano\programacion\cube-ide\exo-esqueleto\STM32F103C8TX_FLASH.ld" --specs=nosys.specs -Wl,-Map="exo-esqueleto.map" -Wl,--gc-sections -static --specs=nano.specs -mfloat-abi=soft -mthumb -Wl,--start-group -lc -lm -Wl,--end-group
Finished building target: exo-esqueleto.elf
 
arm-none-eabi-size   exo-esqueleto.elf 
arm-none-eabi-objdump -h -S  exo-esqueleto.elf  > "exo-esqueleto.list"
   text	   data	    bss	    dec	    hex	filename
  13752	     24	   1856	  15632	   3d10	exo-esqueleto.elf
Finished building: default.size.stdout
 
Finished building: exo-esqueleto.list
 
22:44:34 **** Incremental Build of configuration Debug for project exo-esqueleto ****
make -j8 all 
arm-none-eabi-size   exo-esqueleto.elf 
   text	   data	    bss	    dec	    hex	filename
  13752	     24	   1856	  15632	   3d10	exo-esqueleto.elf
Finished building: default.size.stdout
 
