../Core/Src/main.c:126:5:main	8	static
../Core/Src/main.c:230:6:SystemClock_Config	72	static
../Core/Src/main.c:264:6:HAL_GPIO_EXTI_Callback	16	static
../Core/Src/main.c:287:6:HAL_UART_RxCpltCallback	16	static
../Core/Src/main.c:294:6:HAL_TIM_PeriodElapsedCallback	16	static
../Core/Src/main.c:305:20:read_action	8	static
../Core/Src/main.c:329:16:send_step_pulses	16	static
../Core/Src/main.c:374:13:alive_fn	8	static
../Core/Src/main.c:388:6:start_action	16	static
../Core/Src/main.c:416:6:clean_buffer	4	static
../Core/Src/main.c:422:6:sleep_motor	8	static
../Core/Src/main.c:427:6:motor_wakeup	8	static
../Core/Src/main.c:433:6:send_pulse	8	static
../Core/Src/main.c:438:9:is_motor_home	8	static
../Core/Src/main.c:448:6:Error_Handler	4	static,ignoring_inline_asm
