../Core/Src/main.c:187:6:HAL_GPIO_EXTI_Callback	16	static
../Core/Src/main.c:236:6:HAL_UART_RxCpltCallback	16	static
../Core/Src/main.c:244:6:HAL_TIM_PeriodElapsedCallback	16	static
../Core/Src/main.c:261:5:main	48	static
../Core/Src/main.c:364:6:SystemClock_Config	72	static
../Core/Src/main.c:398:13:toggle_finger	24	static
../Core/Src/main.c:406:13:finger_motion	16	static
../Core/Src/main.c:416:13:send_step_pulses	24	static
../Core/Src/main.c:456:13:alive_fn	8	static
../Core/Src/main.c:471:13:exo_prepare	24	static
../Core/Src/main.c:490:13:gotopos_fn	24	static
../Core/Src/main.c:516:13:ref_routine_fn	16	static
../Core/Src/main.c:520:13:go_down_fn	16	static
../Core/Src/main.c:524:13:go_up_fn	16	static
../Core/Src/main.c:528:13:sinewave_fn	16	static
../Core/Src/main.c:533:13:clean_buffer	16	static
../Core/Src/main.c:539:13:sleep_motor	16	static
../Core/Src/main.c:547:13:motor_wakeup	16	static
../Core/Src/main.c:556:13:send_pulse	16	static
../Core/Src/main.c:565:16:is_finger_up	16	static
../Core/Src/main.c:570:13:set_direction	16	static
../Core/Src/main.c:584:6:Error_Handler	4	static,ignoring_inline_asm
